#!python
cubit.cmd('cd "/home/charlesw/GNS-svn/git/tibet-tdefnode/mesh/geometry"')
cubit.cmd('reset')
cubit.cmd('# This is a simple Cubit journal file to create a volume')
cubit.cmd('# containing a set of quadrilateral surfaces from a set of')
cubit.cmd('# DEFNODE vertices.')
cubit.cmd('#')
cubit.cmd('# -----------------------------------------------------')
cubit.cmd('# Create vertices, then quadrilaterals, then curves to define')
cubit.cmd('# a surrounding volume.')
cubit.cmd('# -----------------------------------------------------')
cubit.cmd('playback \'anning_zem_vertex.jou\'')
cubit.cmd('playback \'anning_zem_surf.jou\'')
cubit.cmd('#')
cubit.cmd('# -----------------------------------------------------')
cubit.cmd('# Imprint and merge all surfaces.')
cubit.cmd('# -----------------------------------------------------')
cubit.cmd('merge all')
cubit.cmd('#')
cubit.cmd('# -----------------------------------------------------')
cubit.cmd('# Export DEFNODE volumes.')
cubit.cmd('# -----------------------------------------------------')
cubit.cmd('export Acis \'anning_zem_acis.sat\' surface all overwrite')
cubit.cmd('export Cubit \'anning_zem_cubit.cub\' surface all overwrite')
cubit.cmd('reset')
cubit.cmd('# This is a simple Cubit journal file to create a volume')
cubit.cmd('# containing a set of quadrilateral surfaces from a set of')
cubit.cmd('# DEFNODE vertices.')
cubit.cmd('#')
cubit.cmd('# -----------------------------------------------------')
cubit.cmd('# Create vertices, then quadrilaterals, then curves to define')
cubit.cmd('# a surrounding volume.')
cubit.cmd('# -----------------------------------------------------')
cubit.cmd('playback \'dls_vertex.jou\'')
cubit.cmd('playback \'dls_surf.jou\'')
cubit.cmd('#')
cubit.cmd('# -----------------------------------------------------')
cubit.cmd('# Imprint and merge all surfaces.')
cubit.cmd('# -----------------------------------------------------')
cubit.cmd('merge all')
cubit.cmd('#')
cubit.cmd('# -----------------------------------------------------')
cubit.cmd('# Export DEFNODE volumes.')
cubit.cmd('# -----------------------------------------------------')
cubit.cmd('export Acis \'dls_acis.sat\' surface all overwrite')
cubit.cmd('export Cubit \'dls_cubit.cub\' surface all overwrite')
cubit.cmd('reset')
cubit.cmd('# This is a simple Cubit journal file to create a volume')
cubit.cmd('# containing a set of quadrilateral surfaces from a set of')
cubit.cmd('# DEFNODE vertices.')
cubit.cmd('#')
cubit.cmd('# -----------------------------------------------------')
cubit.cmd('# Create vertices, then quadrilaterals, then curves to define')
cubit.cmd('# a surrounding volume.')
cubit.cmd('# -----------------------------------------------------')
cubit.cmd('playback \'lijiang_vertex.jou\'')
cubit.cmd('playback \'lijiang_surf.jou\'')
cubit.cmd('#')
cubit.cmd('# -----------------------------------------------------')
cubit.cmd('# Imprint and merge all surfaces.')
cubit.cmd('# -----------------------------------------------------')
cubit.cmd('merge all')
cubit.cmd('#')
cubit.cmd('# -----------------------------------------------------')
cubit.cmd('# Export DEFNODE volumes.')
cubit.cmd('# -----------------------------------------------------')
cubit.cmd('export Acis \'lijiang_acis.sat\' surface all overwrite')
cubit.cmd('export Cubit \'lijiang_cubit.cub\' surface all overwrite')
cubit.cmd('reset')
cubit.cmd('# This is a simple Cubit journal file to create a volume')
cubit.cmd('# containing a set of quadrilateral surfaces from a set of')
cubit.cmd('# DEFNODE vertices.')
cubit.cmd('#')
cubit.cmd('# -----------------------------------------------------')
cubit.cmd('# Create vertices, then quadrilaterals, then curves to define')
cubit.cmd('# a surrounding volume.')
cubit.cmd('# -----------------------------------------------------')
cubit.cmd('playback \'xiaojiang_vertex.jou\'')
cubit.cmd('playback \'xiaojiang_surf.jou\'')
cubit.cmd('#')
cubit.cmd('# -----------------------------------------------------')
cubit.cmd('# Imprint and merge all surfaces.')
cubit.cmd('# -----------------------------------------------------')
cubit.cmd('merge all')
cubit.cmd('#')
cubit.cmd('# -----------------------------------------------------')
cubit.cmd('# Export DEFNODE volumes.')
cubit.cmd('# -----------------------------------------------------')
cubit.cmd('export Acis \'xiaojiang_acis.sat\' surface all overwrite')
cubit.cmd('export Cubit \'xiaojiang_cubit.cub\' surface all overwrite')
cubit.cmd('reset')
cubit.cmd('# This is a simple Cubit journal file to create a volume')
cubit.cmd('# containing a set of quadrilateral surfaces from a set of')
cubit.cmd('# DEFNODE vertices.')
cubit.cmd('#')
cubit.cmd('# -----------------------------------------------------')
cubit.cmd('# Create vertices, then quadrilaterals, then curves to define')
cubit.cmd('# a surrounding volume.')
cubit.cmd('# -----------------------------------------------------')
cubit.cmd('playback \'xsh_vertex.jou\'')
cubit.cmd('playback \'xsh_surf.jou\'')
cubit.cmd('#')
cubit.cmd('# -----------------------------------------------------')
cubit.cmd('# Imprint and merge all surfaces.')
cubit.cmd('# -----------------------------------------------------')
cubit.cmd('merge all')
cubit.cmd('#')
cubit.cmd('# -----------------------------------------------------')
cubit.cmd('# Export DEFNODE volumes.')
cubit.cmd('# -----------------------------------------------------')
cubit.cmd('export Acis \'xsh_acis.sat\' surface all overwrite')
cubit.cmd('export Cubit \'xsh_cubit.cub\' surface all overwrite')
cubit.cmd('reset')
cubit.cmd('# This is a simple Cubit journal file to create a volume')
cubit.cmd('# containing a set of quadrilateral surfaces from a set of')
cubit.cmd('# DEFNODE vertices.')
cubit.cmd('#')
cubit.cmd('# -----------------------------------------------------')
cubit.cmd('# Create vertices, then quadrilaterals, then curves to define')
cubit.cmd('# a surrounding volume.')
cubit.cmd('# -----------------------------------------------------')
cubit.cmd('playback \'yanfeng_vertex.jou\'')
cubit.cmd('playback \'yanfeng_surf.jou\'')
cubit.cmd('#')
cubit.cmd('# -----------------------------------------------------')
cubit.cmd('# Imprint and merge all surfaces.')
cubit.cmd('# -----------------------------------------------------')
cubit.cmd('merge all')
cubit.cmd('#')
cubit.cmd('# -----------------------------------------------------')
cubit.cmd('# Export DEFNODE volumes.')
cubit.cmd('# -----------------------------------------------------')
cubit.cmd('export Acis \'yanfeng_acis.sat\' surface all overwrite')
cubit.cmd('export Cubit \'yanfeng_cubit.cub\' surface all overwrite')
