create curve vertex 1 5
create curve vertex 2 6
create curve vertex 3 7
create curve vertex 4 8
create curve vertex 5 9
create curve vertex 6 10
create curve vertex 7 11
create curve vertex 8 12
create curve vertex 9 13
create curve vertex 10 14
create curve vertex 11 15
create curve vertex 12 16
create curve vertex 13 17
create curve vertex 14 18
create curve vertex 15 19
create curve vertex 16 20
create curve vertex 17 21
create curve vertex 18 22
create curve vertex 19 23
create curve vertex 20 24
create curve vertex 1 2
create curve vertex 5 6
create curve vertex 9 10
create curve vertex 13 14
create curve vertex 17 18
create curve vertex 21 22
create curve vertex 2 3
create curve vertex 6 7
create curve vertex 10 11
create curve vertex 14 15
create curve vertex 18 19
create curve vertex 22 23
create curve vertex 3 4
create curve vertex 7 8
create curve vertex 11 12
create curve vertex 15 16
create curve vertex 19 20
create curve vertex 23 24
create surface curve 1 21 2 22
create surface curve 2 27 3 28
create surface curve 3 33 4 34
create surface curve 5 22 6 23
create surface curve 6 28 7 29
create surface curve 7 34 8 35
create surface curve 9 23 10 24
create surface curve 10 29 11 30
create surface curve 11 35 12 36
create surface curve 13 24 14 25
create surface curve 14 30 15 31
create surface curve 15 36 16 37
create surface curve 17 25 18 26
create surface curve 18 31 19 32
create surface curve 19 37 20 38
