# ----------------------------------------------------------------------
# Set units to SI.
# ----------------------------------------------------------------------
reset
undo off
set crash save off
${Units('si')}

# ----------------------------------------------------------------------
# Generate geometry
# ----------------------------------------------------------------------
import Cubit 'anning_zem_geometry.cub'

# ----------------------------------------------------------------------
# Set meshing scheme and sizing.
# ----------------------------------------------------------------------
volume all scheme tetmesh
${dxInner=2.0*km}
${dxMid=4.0*km}
${dxOuter=60.0*km}
surface 80 79 82 81 78 size {dxOuter}
surface 84 86 size {dxMid}
surface 94 to 163 size {dxInner}

# ----------------------------------------------------------------------
# Create volume mesh
# ----------------------------------------------------------------------
mesh volume all

# ----------------------------------------------------------------------
# Create nodesets and material blocks.
# ----------------------------------------------------------------------
playback 'anning_zem_bc.jou'

# ----------------------------------------------------------------------
# Export mesh.
# ----------------------------------------------------------------------
export mesh "anning_zem_var_lev1.exo" dimension 3 overwrite

