# ----------------------------------------------------------------------
# Set units to SI.
# ----------------------------------------------------------------------
reset
undo off
set crash save off
${Units('si')}

# ----------------------------------------------------------------------
# Generate geometry
# ----------------------------------------------------------------------
import Cubit 'xiaojiang_geometry.cub'

# ----------------------------------------------------------------------
# Set meshing scheme and sizing.
# ----------------------------------------------------------------------
volume all scheme tetmesh
# surface all scheme trimesh
${dxInner=2.0*km}
${dxMid=4.0*km}
${dxOuter=60.0*km}
surface 26 27 28 29 30 size {dxOuter}
surface 32 34 size {dxMid}
surface 42 to 59 size {dxInner}
curve 186 137 184 138 scheme bias

# ----------------------------------------------------------------------
# Create volume mesh
# ----------------------------------------------------------------------
mesh volume all

# ----------------------------------------------------------------------
# Do one round of smoothing.
# ----------------------------------------------------------------------
# Don't do smoothing for initial (level 1) mesh.
# remesh tet quality condition no greater than 3 inflate 2
# cleanup volume all
# volume all smooth scheme condition number beta 2.0 cpu 5
# set debug 91 on
# smooth volume all

# ----------------------------------------------------------------------
# Create nodesets and material blocks.
# ----------------------------------------------------------------------
playback 'xiaojiang_bc.jou'

# ----------------------------------------------------------------------
# Export mesh.
# ----------------------------------------------------------------------
export mesh "xiaojiang_var_lev1.exo" dimension 3 overwrite

