# ----------------------------------------------------------------------
# Set units to SI.
# ----------------------------------------------------------------------
reset
undo off
set crash save off
${Units('si')}

# ----------------------------------------------------------------------
# Generate geometry
# ----------------------------------------------------------------------
import Cubit 'xsh_geometry.cub'

# ----------------------------------------------------------------------
# Set meshing scheme and sizing function.
# ----------------------------------------------------------------------
volume all scheme tetmesh
import sizing function "xsh_var_lev1.exo" block 1 variable "cell_size" time 0.0

volume all sizing function type exodus
surface all sizing function type exodus
curve all scheme stride

# ----------------------------------------------------------------------
# Create volume mesh
# ----------------------------------------------------------------------
mesh volume all

# ----------------------------------------------------------------------
# Smooth mesh.
# ----------------------------------------------------------------------
# The following consists of an iterative procedure of checking the mesh quality
# using the Condition Number quality metric, and then trying various options
# of remeshing and smoothing until the max condition number is close to 2
# (or less).
volume all smooth scheme condition number beta 1.9 cpu 5
set debug 91 on
smooth volume all

# ----------------------------------------------------------------------
# Create nodesets and material blocks.
# ----------------------------------------------------------------------
playback 'xsh_bc.jou'

# ----------------------------------------------------------------------
# Export mesh.
# ----------------------------------------------------------------------
export mesh "xsh_mesh_graded.exo" dimension 3 overwrite
