# ----------------------------------------------------------------------
# Create blocks for materials
# ----------------------------------------------------------------------
block 1 volume all
block 1 name "domain"

# ----------------------------------------------------------------------
# Create nodeset for +x face
# ----------------------------------------------------------------------
group "face_xpos" add node in surface 42
nodeset 10 group face_xpos
nodeset 10 name "face_xpos"

# ----------------------------------------------------------------------
# Create nodeset for -x face
# ----------------------------------------------------------------------
group "face_xneg" add node in surface 40
nodeset 11 group face_xneg
nodeset 11 name "face_xneg"

# ----------------------------------------------------------------------
# Create nodeset for +y face
# ----------------------------------------------------------------------
group "face_ypos" add node in surface 41
nodeset 12 group face_ypos
nodeset 12 name "face_ypos"

# ----------------------------------------------------------------------
# Create nodeset for -y face
# ----------------------------------------------------------------------
group "face_yneg" add node in surface 39
nodeset 13 group face_yneg
nodeset 13 name "face_yneg"

# ----------------------------------------------------------------------
# Create nodeset for +z face
# ----------------------------------------------------------------------
group "face_zpos" add node in surface 53 87 119
nodeset 14 group face_zpos
nodeset 14 name "face_zpos"

# ----------------------------------------------------------------------
# Create nodeset for -z face
# ----------------------------------------------------------------------
group "face_zneg" add node in surface 38
nodeset 15 group face_zneg
nodeset 15 name "face_zneg"

# ----------------------------------------------------------------------
# Create nodeset for fault and fault edge
# ----------------------------------------------------------------------
group "fault" add node in surface 54 to 83

group "fault_top" add node in curve 153 158 162 166 170 174 178 182 186 189
group "fault_bot" add node in curve 121 122 125 128 131 134 137 140 143 146

group "fault_south" add node in curve 190 149 148
group "fault_north" add node in curve 152 156 118

group "fault_edge" add node in fault_south
group "fault_edge" add node in fault_bot
group "fault_edge" add node in fault_north

nodeset 100 group fault
nodeset 100 name "fault"

nodeset 101 group fault_edge
nodeset 101 name "fault_edge"

nodeset 102 group fault_top
nodeset 102 name "fault_top"

nodeset 103 group fault_bot
nodeset 103 name "fault_bot"

# ----------------------------------------------------------------------
# Create nodesets for inner box faces
# ----------------------------------------------------------------------
group "inner_top" add node in surface 87 119
group "inner_bot" add node in surface 84 120
group "inner_east" add node in surface 44
group "inner_west" add node in surface 46

nodeset 104 group inner_top
nodeset 104 name "inner_top"

nodeset 105 group inner_bot
nodeset 105 name "inner_bot"

nodeset 106 group inner_east
nodeset 106 name "inner_east"

nodeset 107 group inner_west
nodeset 107 name "inner_west"
