# ----------------------------------------------------------------------
# Create blocks for materials
# ----------------------------------------------------------------------
block 1 volume all
block 1 name "domain"

# ----------------------------------------------------------------------
# Create nodeset for +x face
# ----------------------------------------------------------------------
group "face_xpos" add node in surface 27
nodeset 10 group face_xpos
nodeset 10 name "face_xpos"

# ----------------------------------------------------------------------
# Create nodeset for -x face
# ----------------------------------------------------------------------
group "face_xneg" add node in surface 25
nodeset 11 group face_xneg
nodeset 11 name "face_xneg"

# ----------------------------------------------------------------------
# Create nodeset for +y face
# ----------------------------------------------------------------------
group "face_ypos" add node in surface 26
nodeset 12 group face_ypos
nodeset 12 name "face_ypos"

# ----------------------------------------------------------------------
# Create nodeset for -y face
# ----------------------------------------------------------------------
group "face_yneg" add node in surface 24
nodeset 13 group face_yneg
nodeset 13 name "face_yneg"

# ----------------------------------------------------------------------
# Create nodeset for +z face
# ----------------------------------------------------------------------
group "face_zpos" add node in surface 38 57 74
nodeset 14 group face_zpos
nodeset 14 name "face_zpos"

# ----------------------------------------------------------------------
# Create nodeset for -z face
# ----------------------------------------------------------------------
group "face_zneg" add node in surface 23
nodeset 15 group face_zneg
nodeset 15 name "face_zneg"

# ----------------------------------------------------------------------
# Create nodeset for fault and fault edge
# ----------------------------------------------------------------------
group "fault" add node in surface 39 to 53

group "fault_top" add node in curve 119 116 112 108 103
group "fault_bot" add node in curve 96 93 90 87 87 86

group "fault_south" add node in curve 102 106 83
group "fault_north" add node in curve 120 99 98

group "fault_edge" add node in fault_south
group "fault_edge" add node in fault_bot
group "fault_edge" add node in fault_north

nodeset 100 group fault
nodeset 100 name "fault"

nodeset 101 group fault_edge
nodeset 101 name "fault_edge"

nodeset 102 group fault_top
nodeset 102 name "fault_top"

nodeset 103 group fault_bot
nodeset 103 name "fault_bot"

# ----------------------------------------------------------------------
# Create nodesets for inner box faces
# ----------------------------------------------------------------------
group "inner_top" add node in surface 75 55
group "inner_bot" add node in surface 73 56
group "inner_east" add node in surface 29
group "inner_west" add node in surface 31

nodeset 104 group inner_top
nodeset 104 name "inner_top"

nodeset 105 group inner_bot
nodeset 105 name "inner_bot"

nodeset 106 group inner_east
nodeset 106 name "inner_east"

nodeset 107 group inner_west
nodeset 107 name "inner_west"
